// Jest Snapshot v1, https://goo.gl/fbAQLP

exports[`PassToUser modal renders correctly 1`] = `null`;
